[trial 1/20] RMSE_all=6.083 RMSE_me3=6.376 (1375s) params={'meUp_sampler_K4': np.int64(19007), 'meDown_K4': np.int64(34238), 'meUp_sampler_K9': np.int64(26165), 'meDown_K9': np.int64(25876), 'meUp_sampler_K27': np.int64(19836), 'meDown_K27': np.int64(13378), 'K27_spread_abu': np.int64(6302), 'tf_K9_target_frac': 0.33686343525633805, 'tf_K27_target_frac': 0.26359377674806794}
[trial 2/20] RMSE_all=14.111 RMSE_me3=23.734 (1631s) params={'meUp_sampler_K4': np.int64(15897), 'meDown_K4': np.int64(33050), 'meUp_sampler_K9': np.int64(15959), 'meDown_K9': np.int64(13605), 'meUp_sampler_K27': np.int64(25574), 'meDown_K27': np.int64(12110), 'K27_spread_abu': np.int64(13139), 'tf_K9_target_frac': 0.5393570008963562, 'tf_K27_target_frac': 0.6742930953718279}
[trial 3/20] RMSE_all=8.611 RMSE_me3=12.004 (1605s) params={'meUp_sampler_K4': np.int64(6789), 'meDown_K4': np.int64(35193), 'meUp_sampler_K9': np.int64(15787), 'meDown_K9': np.int64(24625), 'meUp_sampler_K27': np.int64(17053), 'meDown_K27': np.int64(21330), 'K27_spread_abu': np.int64(14552), 'tf_K9_target_frac': 0.6783128648488197, 'tf_K27_target_frac': 0.42242393766940645}
[trial 4/20] RMSE_all=6.734 RMSE_me3=6.755 (1308s) params={'meUp_sampler_K4': np.int64(23483), 'meDown_K4': np.int64(6919), 'meUp_sampler_K9': np.int64(15787), 'meDown_K9': np.int64(8031), 'meUp_sampler_K27': np.int64(22897), 'meDown_K27': np.int64(8847), 'K27_spread_abu': np.int64(3137), 'tf_K9_target_frac': 0.5106916550655891, 'tf_K27_target_frac': 0.1898049203102099}
[trial 5/20] RMSE_all=12.446 RMSE_me3=19.254 (137790s) params={'meUp_sampler_K4': np.int64(9003), 'meDown_K4': np.int64(17300), 'meUp_sampler_K9': np.int64(27370), 'meDown_K9': np.int64(15149), 'meUp_sampler_K27': np.int64(19553), 'meDown_K27': np.int64(27363), 'K27_spread_abu': np.int64(2436), 'tf_K9_target_frac': 0.9303758940353868, 'tf_K27_target_frac': 0.49188402147876265}
[trial 6/20] RMSE_all=12.386 RMSE_me3=20.306 (15778s) params={'meUp_sampler_K4': np.int64(7615), 'meDown_K4': np.int64(16252), 'meUp_sampler_K9': np.int64(23269), 'meDown_K9': np.int64(19411), 'meUp_sampler_K27': np.int64(11776), 'meDown_K27': np.int64(4037), 'K27_spread_abu': np.int64(12868), 'tf_K9_target_frac': 0.9233170246059383, 'tf_K27_target_frac': 0.4916741902032946}
[trial 7/20] RMSE_all=4.488 RMSE_me3=5.784 (1488s) params={'meUp_sampler_K4': np.int64(20147), 'meDown_K4': np.int64(39826), 'meUp_sampler_K9': np.int64(18710), 'meDown_K9': np.int64(14188), 'meUp_sampler_K27': np.int64(15817), 'meDown_K27': np.int64(19835), 'K27_spread_abu': np.int64(7091), 'tf_K9_target_frac': 0.7385890094683635, 'tf_K27_target_frac': 0.29032104524157765}
[trial 8/20] RMSE_all=18.224 RMSE_me3=29.136 (1539s) params={'meUp_sampler_K4': np.int64(24015), 'meDown_K4': np.int64(38134), 'meUp_sampler_K9': np.int64(20888), 'meDown_K9': np.int64(3366), 'meUp_sampler_K27': np.int64(19817), 'meDown_K27': np.int64(21189), 'K27_spread_abu': np.int64(19453), 'tf_K9_target_frac': 0.8708257563756652, 'tf_K27_target_frac': 0.40577462603194014}
[trial 9/20] RMSE_all=15.442 RMSE_me3=24.486 (1525s) params={'meUp_sampler_K4': np.int64(4504), 'meDown_K4': np.int64(19693), 'meUp_sampler_K9': np.int64(3540), 'meDown_K9': np.int64(14926), 'meUp_sampler_K27': np.int64(29449), 'meDown_K27': np.int64(12705), 'K27_spread_abu': np.int64(9877), 'tf_K9_target_frac': 0.7476297688237508, 'tf_K27_target_frac': 0.6282855335515574}
[trial 10/20] RMSE_all=9.385 RMSE_me3=12.204 (1347s) params={'meUp_sampler_K4': np.int64(27792), 'meDown_K4': np.int64(11022), 'meUp_sampler_K9': np.int64(18260), 'meDown_K9': np.int64(26358), 'meUp_sampler_K27': np.int64(16742), 'meDown_K27': np.int64(27752), 'K27_spread_abu': np.int64(18463), 'tf_K9_target_frac': 0.3540231202098915, 'tf_K27_target_frac': 0.2666311367686195}
[trial 11/20] RMSE_all=6.522 RMSE_me3=8.490 (1471s) params={'meUp_sampler_K4': np.int64(12596), 'meDown_K4': np.int64(40000), 'meUp_sampler_K9': np.int64(17235), 'meDown_K9': np.int64(17187), 'meUp_sampler_K27': np.int64(9908), 'meDown_K27': np.int64(24593), 'K27_spread_abu': np.int64(500), 'tf_K9_target_frac': 0.8915933671061338, 'tf_K27_target_frac': 0.265849490097952}
[trial 12/20] RMSE_all=3.891 RMSE_me3=4.393 (1401s) params={'meUp_sampler_K4': np.int64(19950), 'meDown_K4': np.int64(40000), 'meUp_sampler_K9': np.int64(18572), 'meDown_K9': np.int64(14568), 'meUp_sampler_K27': np.int64(15372), 'meDown_K27': np.int64(20731), 'K27_spread_abu': np.int64(6946), 'tf_K9_target_frac': 0.7130455698053231, 'tf_K27_target_frac': 0.286369972456509}
[trial 13/20] RMSE_all=3.114 RMSE_me3=1.863 (1366s) params={'meUp_sampler_K4': np.int64(20347), 'meDown_K4': np.int64(40000), 'meUp_sampler_K9': np.int64(16759), 'meDown_K9': np.int64(16250), 'meUp_sampler_K27': np.int64(13333), 'meDown_K27': np.int64(24038), 'K27_spread_abu': np.int64(6985), 'tf_K9_target_frac': 0.6113507296871507, 'tf_K27_target_frac': 0.2631187742512161}
[trial 14/20] RMSE_all=3.255 RMSE_me3=2.659 (1399s) params={'meUp_sampler_K4': np.int64(19989), 'meDown_K4': np.int64(40000), 'meUp_sampler_K9': np.int64(17780), 'meDown_K9': np.int64(17163), 'meUp_sampler_K27': np.int64(13301), 'meDown_K27': np.int64(23659), 'K27_spread_abu': np.int64(5243), 'tf_K9_target_frac': 0.6246095277081036, 'tf_K27_target_frac': 0.26631097043707497}
[trial 15/20] RMSE_all=3.133 RMSE_me3=1.453 (1691s) params={'meUp_sampler_K4': np.int64(20624), 'meDown_K4': np.int64(40000), 'meUp_sampler_K9': np.int64(18898), 'meDown_K9': np.int64(15820), 'meUp_sampler_K27': np.int64(14330), 'meDown_K27': np.int64(22507), 'K27_spread_abu': np.int64(5807), 'tf_K9_target_frac': 0.5948467329245619, 'tf_K27_target_frac': 0.26056703266325876}
[trial 16/20] RMSE_all=3.405 RMSE_me3=2.550 (1602s) params={'meUp_sampler_K4': np.int64(19382), 'meDown_K4': np.int64(40000), 'meUp_sampler_K9': np.int64(15176), 'meDown_K9': np.int64(15832), 'meUp_sampler_K27': np.int64(13054), 'meDown_K27': np.int64(25346), 'K27_spread_abu': np.int64(8717), 'tf_K9_target_frac': 0.6222565947737978, 'tf_K27_target_frac': 0.2638525915786918}
[trial 17/20] RMSE_all=3.200 RMSE_me3=1.766 (1708s) params={'meUp_sampler_K4': np.int64(21501), 'meDown_K4': np.int64(40000), 'meUp_sampler_K9': np.int64(18867), 'meDown_K9': np.int64(15000), 'meUp_sampler_K27': np.int64(14196), 'meDown_K27': np.int64(22481), 'K27_spread_abu': np.int64(5931), 'tf_K9_target_frac': 0.5953817501727539, 'tf_K27_target_frac': 0.2627952203905265}
[trial 18/20] RMSE_all=2.935 RMSE_me3=0.899 (1419s) params={'meUp_sampler_K4': np.int64(19656), 'meDown_K4': np.int64(37573), 'meUp_sampler_K9': np.int64(18320), 'meDown_K9': np.int64(16128), 'meUp_sampler_K27': np.int64(14600), 'meDown_K27': np.int64(23145), 'K27_spread_abu': np.int64(6401), 'tf_K9_target_frac': 0.6144091867926935, 'tf_K27_target_frac': 0.264134627807624}
[trial 19/20] RMSE_all=4.076 RMSE_me3=4.161 (1396s) params={'meUp_sampler_K4': np.int64(16085), 'meDown_K4': np.int64(35392), 'meUp_sampler_K9': np.int64(16812), 'meDown_K9': np.int64(19258), 'meUp_sampler_K27': np.int64(14883), 'meDown_K27': np.int64(24630), 'K27_spread_abu': np.int64(6629), 'tf_K9_target_frac': 0.6245506439583204, 'tf_K27_target_frac': 0.25741326832356365}
[trial 20/20] RMSE_all=3.098 RMSE_me3=1.442 (1355s) params={'meUp_sampler_K4': np.int64(16165), 'meDown_K4': np.int64(33292), 'meUp_sampler_K9': np.int64(18021), 'meDown_K9': np.int64(15955), 'meUp_sampler_K27': np.int64(12572), 'meDown_K27': np.int64(23077), 'K27_spread_abu': np.int64(6223), 'tf_K9_target_frac': 0.6267024186330813, 'tf_K27_target_frac': 0.26666380597252365}
Traceback (most recent call last):
  File "/Users/amin/dev/genomiclayers-dm6/python/optimize_phase1.py", line 131, in <module>
    main()
  File "/Users/amin/dev/genomiclayers-dm6/python/optimize_phase1.py", line 122, in main
    json.dump(best, f, indent=2)
  File "/Library/Developer/CommandLineTools/Library/Frameworks/Python3.framework/Versions/3.9/lib/python3.9/json/__init__.py", line 179, in dump
    for chunk in iterable:
  File "/Library/Developer/CommandLineTools/Library/Frameworks/Python3.framework/Versions/3.9/lib/python3.9/json/encoder.py", line 431, in _iterencode
    yield from _iterencode_dict(o, _current_indent_level)
  File "/Library/Developer/CommandLineTools/Library/Frameworks/Python3.framework/Versions/3.9/lib/python3.9/json/encoder.py", line 405, in _iterencode_dict
    yield from chunks
  File "/Library/Developer/CommandLineTools/Library/Frameworks/Python3.framework/Versions/3.9/lib/python3.9/json/encoder.py", line 405, in _iterencode_dict
    yield from chunks
  File "/Library/Developer/CommandLineTools/Library/Frameworks/Python3.framework/Versions/3.9/lib/python3.9/json/encoder.py", line 438, in _iterencode
    o = _default(o)
  File "/Library/Developer/CommandLineTools/Library/Frameworks/Python3.framework/Versions/3.9/lib/python3.9/json/encoder.py", line 179, in default
    raise TypeError(f'Object of type {o.__class__.__name__} '
TypeError: Object of type int64 is not JSON serializable
